// Jest Snapshot v1, https://goo.gl/fbAQLP

exports[`Render Enzyme correctly 1`] = `
<div>
  Basic component
</div>
`;
